// Vitest Snapshot v1, https://vitest.dev/guide/snapshot.html

exports[`Card > should render card component 1`] = `
<div>
  <div
    class="lds--card"
  />
</div>
`;
